
> zhige-dockyard-web@1.0.0 build
> next build

▲ Next.js 16.2.4 (Turbopack)
- Environments: .env.local, .env
- Experiments (use with caution):
  · optimizePackageImports

  Creating an optimized production build ...
✓ Compiled successfully in 2.2min
  Running TypeScript ...
  Finished TypeScript in 103s ...
  Collecting page data using 7 workers ...
  Generating static pages using 7 workers (0/275) ...
  Generating static pages using 7 workers (68/275) 
  Generating static pages using 7 workers (137/275) 
  Generating static pages using 7 workers (206/275) 
✓ Generating static pages using 7 workers (275/275) in 5.6s
  Finalizing page optimization ...

Route (app)
┌ ○ /
├ ○ /_not-found
├ ○ /admin
├ ○ /admin/account-appeals
├ ○ /admin/administrators
├ ○ /admin/analytics
├ ○ /admin/api-keys
├ ○ /admin/components
├ ○ /admin/components/contracts
├ ○ /admin/components/readiness
├ ○ /admin/content
├ ○ /admin/documents
├ ○ /admin/finance/points
├ ○ /admin/finance/recharge-orders
├ ○ /admin/finance/settlements
├ ○ /admin/logs
├ ○ /admin/maintenance
├ ƒ /admin/matrix/[workspaceId]
├ ○ /admin/matrix/select
├ ○ /admin/membership
├ ○ /admin/membership/levels
├ ○ /admin/membership/logs
├ ○ /admin/membership/orders
├ ○ /admin/membership/token-packs
├ ○ /admin/membership/users
├ ○ /admin/models
├ ○ /admin/notifications
├ ○ /admin/operation-logs
├ ○ /admin/orders
├ ○ /admin/permissions
├ ○ /admin/permissions/api-rules
├ ○ /admin/posts
├ ○ /admin/preferences
├ ○ /admin/settings
├ ○ /admin/system-status
├ ○ /admin/tenants
├ ○ /admin/testimonials
├ ○ /admin/upgrade-applications
├ ○ /admin/users
├ ○ /admin/workspace/plans
├ ○ /admin/workspaces
├ ƒ /api/account-appeal/cancel
├ ƒ /api/account-appeal/my-appeal
├ ƒ /api/account-appeal/submit
├ ƒ /api/admin/account-appeals
├ ƒ /api/admin/account-appeals/delete
├ ƒ /api/admin/account-appeals/process
├ ƒ /api/admin/account-appeals/user-workspaces
├ ƒ /api/admin/account-deletion-config
├ ƒ /api/admin/analytics
├ ƒ /api/admin/api-keys
├ ƒ /api/admin/api-permission-rules
├ ƒ /api/admin/billing-records
├ ƒ /api/admin/clean-test-appeal
├ ƒ /api/admin/components
├ ƒ /api/admin/components/[id]/contracts
├ ƒ /api/admin/components/[id]/contracts/[version]
├ ƒ /api/admin/components/[id]/contracts/[version]/archive
├ ƒ /api/admin/components/[id]/contracts/[version]/publish
├ ƒ /api/admin/components/batch-delete
├ ƒ /api/admin/components/batch-publish
├ ƒ /api/admin/components/batch-unpublish
├ ƒ /api/admin/components/progress-audit
├ ƒ /api/admin/components/stats
├ ƒ /api/admin/components/unpublish-check
├ ƒ /api/admin/dashboard
├ ƒ /api/admin/documents
├ ƒ /api/admin/login-histories
├ ƒ /api/admin/membership/levels
├ ƒ /api/admin/membership/levels/[name]
├ ƒ /api/admin/membership/logs
├ ƒ /api/admin/membership/orders
├ ƒ /api/admin/membership/stats
├ ƒ /api/admin/membership/users
├ ƒ /api/admin/model-deployments
├ ƒ /api/admin/model-deployments/[id]
├ ƒ /api/admin/model-deployments/default
├ ƒ /api/admin/model-pricing/[deploymentId]
├ ƒ /api/admin/model-providers
├ ƒ /api/admin/model-providers/[id]
├ ƒ /api/admin/nav-modules
├ ƒ /api/admin/notification-groups
├ ƒ /api/admin/notification-groups/members
├ ƒ /api/admin/notifications
├ ƒ /api/admin/notifications/history
├ ƒ /api/admin/operation-logs
├ ƒ /api/admin/pending-tasks
├ ƒ /api/admin/permissions
├ ƒ /api/admin/points/expire
├ ƒ /api/admin/points/ledger
├ ƒ /api/admin/points/summary
├ ƒ /api/admin/posts
├ ƒ /api/admin/posts/[postId]
├ ƒ /api/admin/posts/[postId]/members
├ ƒ /api/admin/posts/debug
├ ƒ /api/admin/posts/standard
├ ƒ /api/admin/posts/submissions
├ ƒ /api/admin/posts/usages
├ ƒ /api/admin/preferences
├ ƒ /api/admin/recharge-orders
├ ƒ /api/admin/refund-recoveries
├ ƒ /api/admin/settings
├ ƒ /api/admin/settings/test-email
├ ƒ /api/admin/settings/test-sms
├ ƒ /api/admin/settings/upload-logo
├ ƒ /api/admin/settings/upload-qrcode
├ ƒ /api/admin/stages
├ ƒ /api/admin/system-status
├ ƒ /api/admin/tenants
├ ƒ /api/admin/testimonials
├ ƒ /api/admin/testimonials/config
├ ƒ /api/admin/testimonials/review
├ ƒ /api/admin/testimonials/upload-avatar
├ ƒ /api/admin/token-packs
├ ƒ /api/admin/token-packs/[id]
├ ƒ /api/admin/token-settlements
├ ƒ /api/admin/token-settlements/[taskId]/resolve
├ ƒ /api/admin/token-settlements/reconciliation
├ ƒ /api/admin/token-settlements/stats
├ ƒ /api/admin/upgrade-applications
├ ƒ /api/admin/user
├ ƒ /api/admin/user/adjust-points
├ ƒ /api/admin/user/ban
├ ƒ /api/admin/user/clear-session
├ ƒ /api/admin/user/delete-preview
├ ƒ /api/admin/user/logout
├ ƒ /api/admin/user/reset-password
├ ƒ /api/admin/user/reset-session
├ ƒ /api/admin/users
├ ƒ /api/admin/users/[id]/status
├ ƒ /api/admin/users/batch
├ ƒ /api/admin/users/batch-action
├ ƒ /api/admin/users/batch-kick
├ ƒ /api/admin/users/batch-logout
├ ƒ /api/admin/users/debug
├ ƒ /api/admin/users/force-logout
├ ƒ /api/admin/users/import-identifiers
├ ƒ /api/admin/users/search-ids
├ ƒ /api/admin/users/zombie-scan
├ ƒ /api/admin/workspace-plans
├ ƒ /api/admin/workspace-plans/[key]
├ ƒ /api/admin/workspaces
├ ƒ /api/admin/workspaces/[id]
├ ƒ /api/admin/workspaces/[id]/model-policy
├ ƒ /api/admin/workspaces/archive-inactive
├ ƒ /api/admin/workspaces/batch-toggle
├ ƒ /api/admin/workspaces/disable-check
├ ƒ /api/admin/workspaces/pool-threshold
├ ƒ /api/admin/workspaces/recycle
├ ƒ /api/admin/workspaces/toggle-status
├ ƒ /api/auth/appeal
├ ƒ /api/auth/check-account
├ ƒ /api/auth/check-account-for-reset
├ ƒ /api/auth/check-phone
├ ƒ /api/auth/confirm-crossregion-login
├ ƒ /api/auth/debug-superadmin
├ ƒ /api/auth/github
├ ƒ /api/auth/github/callback
├ ƒ /api/auth/init-admin
├ ƒ /api/auth/login
├ ƒ /api/auth/login-sms
├ ƒ /api/auth/logout
├ ƒ /api/auth/me
├ ƒ /api/auth/oauth-providers
├ ƒ /api/auth/qq
├ ƒ /api/auth/qq/callback
├ ƒ /api/auth/qrcode
├ ƒ /api/auth/refresh
├ ƒ /api/auth/register
├ ƒ /api/auth/reset-password
├ ƒ /api/auth/send-email-code
├ ƒ /api/auth/send-sms
├ ƒ /api/auth/set-cookie
├ ƒ /api/auth/sso/revoke
├ ƒ /api/auth/touch
├ ƒ /api/auth/verification-code
├ ƒ /api/auth/verify
├ ƒ /api/auth/verify-code
├ ƒ /api/auth/verify-email-code
├ ƒ /api/auth/verify-password
├ ƒ /api/auth/verify-setup-token
├ ƒ /api/auth/verify-sms
├ ƒ /api/auth/verify-sms-code
├ ƒ /api/auth/wechat
├ ƒ /api/auth/wechat/callback
├ ƒ /api/billing/records
├ ƒ /api/components
├ ƒ /api/components/[id]/contract-snapshot
├ ƒ /api/cron/token-settlement-reconciliation
├ ƒ /api/cron/token-settlement-recovery
├ ƒ /api/debug/test01
├ ƒ /api/demo-request
├ ƒ /api/developers/sandbox
├ ƒ /api/documents/list
├ ƒ /api/feedback
├ ƒ /api/health
├ ƒ /api/health/debug-test01
├ ƒ /api/membership/levels
├ ƒ /api/membership/quota
├ ƒ /api/membership/upgrade
├ ƒ /api/open/v1/me
├ ƒ /api/open/v1/workspaces
├ ƒ /api/security/diagnose
├ ƒ /api/studio
├ ƒ /api/studio/extract-text
├ ƒ /api/system-documents
├ ƒ /api/system/api-permission-rules
├ ƒ /api/system/check-maintenance
├ ƒ /api/system/check-update
├ ƒ /api/system/maintenance
├ ƒ /api/system/permission-context
├ ƒ /api/system/public-config
├ ƒ /api/system/site-routes
├ ƒ /api/system/status
├ ƒ /api/tasks
├ ƒ /api/test-db
├ ƒ /api/testimonials
├ ƒ /api/testimonials/mine
├ ƒ /api/testimonials/submit
├ ƒ /api/user/activities
├ ƒ /api/user/api-keys
├ ƒ /api/user/billing-records
├ ƒ /api/user/cancel-deletion
├ ƒ /api/user/change-binding
├ ƒ /api/user/change-password
├ ƒ /api/user/check-username
├ ƒ /api/user/complete-oauth-profile
├ ƒ /api/user/components
├ ƒ /api/user/dashboard/stats
├ ƒ /api/user/delete-account
├ ƒ /api/user/delete-account/check
├ ƒ /api/user/device-login
├ ƒ /api/user/devices
├ ƒ /api/user/enterprise-pools
├ ƒ /api/user/login-history
├ ƒ /api/user/notifications
├ ƒ /api/user/notifications/acknowledge-popup
├ ƒ /api/user/notifications/delete
├ ƒ /api/user/notifications/list
├ ƒ /api/user/notifications/preferences
├ ƒ /api/user/notifications/read
├ ƒ /api/user/points
├ ƒ /api/user/preferences
├ ƒ /api/user/profile
├ ƒ /api/user/security-settings
├ ƒ /api/user/session-settings
├ ƒ /api/user/settings
├ ƒ /api/user/sub-accounts
├ ƒ /api/user/sub-accounts/activity
├ ƒ /api/user/update-security
├ ƒ /api/user/upload-avatar
├ ƒ /api/user/workspace-hub/dashboard
├ ƒ /api/user/workspace-hub/post-icons
├ ƒ /api/user/workspace-hub/posts
├ ƒ /api/user/workspace-hub/posts/[postId]
├ ƒ /api/user/workspace-hub/quota
├ ƒ /api/user/workspace-hub/upgrade
├ ƒ /api/user/workspaces
├ ƒ /api/user/workspaces/create
├ ƒ /api/user/workspaces/join
├ ƒ /api/webhooks
├ ƒ /api/workspace/[id]/dissolve-check
├ ƒ /api/workspace/[id]/dissolve-cleanup
├ ƒ /api/workspace/[id]/logs
├ ƒ /api/workspace/[id]/my-membership
├ ƒ /api/workspace/appeal
├ ƒ /api/workspace/assets
├ ƒ /api/workspace/assets/[assetId]/file
├ ƒ /api/workspace/assets/[assetId]/preview
├ ƒ /api/workspace/check-delete
├ ƒ /api/workspace/check-personal
├ ƒ /api/workspace/clear-data
├ ƒ /api/workspace/configure-solution
├ ƒ /api/workspace/create
├ ƒ /api/workspace/create-enterprise
├ ƒ /api/workspace/create-personal
├ ƒ /api/workspace/delete
├ ƒ /api/workspace/dissolve-check
├ ƒ /api/workspace/dissolve-cleanup
├ ƒ /api/workspace/enterprise-list
├ ƒ /api/workspace/info
├ ƒ /api/workspace/integrations
├ ƒ /api/workspace/invitation/delete
├ ƒ /api/workspace/invitation/generate
├ ƒ /api/workspace/invitation/verify
├ ƒ /api/workspace/join
├ ƒ /api/workspace/kickout
├ ƒ /api/workspace/leave
├ ƒ /api/workspace/list
├ ƒ /api/workspace/member-stats
├ ƒ /api/workspace/members
├ ƒ /api/workspace/members/quota
├ ƒ /api/workspace/overview
├ ƒ /api/workspace/personal-dissolve-check
├ ƒ /api/workspace/personal-dissolve-cleanup
├ ƒ /api/workspace/posts/suggested
├ ƒ /api/workspace/quota
├ ƒ /api/workspace/quota/points-ledger
├ ƒ /api/workspace/quota/pool-threshold
├ ƒ /api/workspace/quota/recharge
├ ƒ /api/workspace/quota/recharge-orders
├ ƒ /api/workspace/quota/recycle
├ ƒ /api/workspace/quota/token-packs
├ ƒ /api/workspace/shareable-list
├ ƒ /api/workspace/switch
├ ƒ /api/workspace/update
├ ƒ /api/workspace/upgrade
├ ƒ /api/workspace/upgrade-application
├ ƒ /api/workspace/upgrade-plan
├ ƒ /api/workspace/upload-icon
├ ƒ /api/workspace/usage-stats
├ ○ /auth/cancel-deletion
├ ○ /auth/change-password
├ ○ /auth/forgot-password
├ ○ /auth/login
├ ○ /auth/oauth-callback
├ ○ /auth/register
├ ○ /auth/verify-crossregion
├ ○ /capabilities
├ ○ /components
├ ○ /developers
├ ○ /docs
├ ○ /help
├ ○ /icon.png
├ ○ /icon.svg
├ ○ /init
├ ○ /knowledge
├ ○ /maintenance
├ ○ /market
├ ○ /messages
├ ○ /pricing
├ ○ /privacy-policy
├ ○ /releases
├ ○ /security
├ ○ /settings/webhooks
├ ○ /solutions
├ ○ /studio
├ ○ /studio/guide
├ ○ /tasks
├ ○ /terms-of-service
├ ○ /user/activities
├ ○ /user/billing-center
├ ○ /user/components
├ ○ /user/dashboard
├ ○ /user/developer
├ ○ /user/points
├ ○ /user/profile
├ ○ /user/reviews
├ ○ /user/security
├ ○ /user/settings
├ ○ /user/sub-accounts
├ ○ /user/team
├ ○ /user/workspace-hub
├ ○ /user/workspaces
├ ○ /workspace-hub
├ ○ /workspace-hub/create
├ ○ /workspace-hub/settings
├ ƒ /workspace/[id]
├ ƒ /workspace/[id]/components
├ ƒ /workspace/[id]/members
├ ƒ /workspace/[id]/settings
├ ƒ /workspace/[id]/settings/permissions
├ ƒ /workspace/[id]/stats
├ ƒ /workspace/[id]/studio
└ ○ /workspace/upgrade


ƒ Proxy (Middleware)

○  (Static)   prerendered as static content
ƒ  (Dynamic)  server-rendered on demand

